Archive member included to satisfy reference by file (symbol)

D:/Softwares/STM32/STM32CubeIDE_1.13.2/STM32CubeIDE/plugins/com.st.stm32cube.ide.mcu.externaltools.gnu-tools-for-stm32.11.3.rel1.win32_1.1.100.202309141235/tools/bin/../lib/gcc/arm-none-eabi/11.3.1/../../../../arm-none-eabi/lib/thumb/v7e-m+fp/hard\libc_nano.a(libc_a-exit.o)
                              D:/Softwares/STM32/STM32CubeIDE_1.13.2/STM32CubeIDE/plugins/com.st.stm32cube.ide.mcu.externaltools.gnu-tools-for-stm32.11.3.rel1.win32_1.1.100.202309141235/tools/bin/../lib/gcc/arm-none-eabi/11.3.1/../../../../arm-none-eabi/lib/thumb/v7e-m+fp/hard/crt0.o (exit)
D:/Softwares/STM32/STM32CubeIDE_1.13.2/STM32CubeIDE/plugins/com.st.stm32cube.ide.mcu.externaltools.gnu-tools-for-stm32.11.3.rel1.win32_1.1.100.202309141235/tools/bin/../lib/gcc/arm-none-eabi/11.3.1/../../../../arm-none-eabi/lib/thumb/v7e-m+fp/hard\libc_nano.a(libc_a-findfp.o)
                              D:/Softwares/STM32/STM32CubeIDE_1.13.2/STM32CubeIDE/plugins/com.st.stm32cube.ide.mcu.externaltools.gnu-tools-for-stm32.11.3.rel1.win32_1.1.100.202309141235/tools/bin/../lib/gcc/arm-none-eabi/11.3.1/../../../../arm-none-eabi/lib/thumb/v7e-m+fp/hard\libc_nano.a(libc_a-exit.o) (__stdio_exit_handler)
D:/Softwares/STM32/STM32CubeIDE_1.13.2/STM32CubeIDE/plugins/com.st.stm32cube.ide.mcu.externaltools.gnu-tools-for-stm32.11.3.rel1.win32_1.1.100.202309141235/tools/bin/../lib/gcc/arm-none-eabi/11.3.1/../../../../arm-none-eabi/lib/thumb/v7e-m+fp/hard\libc_nano.a(libc_a-fwalk.o)
                              D:/Softwares/STM32/STM32CubeIDE_1.13.2/STM32CubeIDE/plugins/com.st.stm32cube.ide.mcu.externaltools.gnu-tools-for-stm32.11.3.rel1.win32_1.1.100.202309141235/tools/bin/../lib/gcc/arm-none-eabi/11.3.1/../../../../arm-none-eabi/lib/thumb/v7e-m+fp/hard\libc_nano.a(libc_a-findfp.o) (_fwalk_sglue)
D:/Softwares/STM32/STM32CubeIDE_1.13.2/STM32CubeIDE/plugins/com.st.stm32cube.ide.mcu.externaltools.gnu-tools-for-stm32.11.3.rel1.win32_1.1.100.202309141235/tools/bin/../lib/gcc/arm-none-eabi/11.3.1/../../../../arm-none-eabi/lib/thumb/v7e-m+fp/hard\libc_nano.a(libc_a-stdio.o)
                              D:/Softwares/STM32/STM32CubeIDE_1.13.2/STM32CubeIDE/plugins/com.st.stm32cube.ide.mcu.externaltools.gnu-tools-for-stm32.11.3.rel1.win32_1.1.100.202309141235/tools/bin/../lib/gcc/arm-none-eabi/11.3.1/../../../../arm-none-eabi/lib/thumb/v7e-m+fp/hard\libc_nano.a(libc_a-findfp.o) (__sread)
D:/Softwares/STM32/STM32CubeIDE_1.13.2/STM32CubeIDE/plugins/com.st.stm32cube.ide.mcu.externaltools.gnu-tools-for-stm32.11.3.rel1.win32_1.1.100.202309141235/tools/bin/../lib/gcc/arm-none-eabi/11.3.1/../../../../arm-none-eabi/lib/thumb/v7e-m+fp/hard\libc_nano.a(libc_a-memset.o)
                              D:/Softwares/STM32/STM32CubeIDE_1.13.2/STM32CubeIDE/plugins/com.st.stm32cube.ide.mcu.externaltools.gnu-tools-for-stm32.11.3.rel1.win32_1.1.100.202309141235/tools/bin/../lib/gcc/arm-none-eabi/11.3.1/../../../../arm-none-eabi/lib/thumb/v7e-m+fp/hard/crt0.o (memset)
D:/Softwares/STM32/STM32CubeIDE_1.13.2/STM32CubeIDE/plugins/com.st.stm32cube.ide.mcu.externaltools.gnu-tools-for-stm32.11.3.rel1.win32_1.1.100.202309141235/tools/bin/../lib/gcc/arm-none-eabi/11.3.1/../../../../arm-none-eabi/lib/thumb/v7e-m+fp/hard\libc_nano.a(libc_a-closer.o)
                              D:/Softwares/STM32/STM32CubeIDE_1.13.2/STM32CubeIDE/plugins/com.st.stm32cube.ide.mcu.externaltools.gnu-tools-for-stm32.11.3.rel1.win32_1.1.100.202309141235/tools/bin/../lib/gcc/arm-none-eabi/11.3.1/../../../../arm-none-eabi/lib/thumb/v7e-m+fp/hard\libc_nano.a(libc_a-stdio.o) (_close_r)
D:/Softwares/STM32/STM32CubeIDE_1.13.2/STM32CubeIDE/plugins/com.st.stm32cube.ide.mcu.externaltools.gnu-tools-for-stm32.11.3.rel1.win32_1.1.100.202309141235/tools/bin/../lib/gcc/arm-none-eabi/11.3.1/../../../../arm-none-eabi/lib/thumb/v7e-m+fp/hard\libc_nano.a(libc_a-reent.o)
                              D:/Softwares/STM32/STM32CubeIDE_1.13.2/STM32CubeIDE/plugins/com.st.stm32cube.ide.mcu.externaltools.gnu-tools-for-stm32.11.3.rel1.win32_1.1.100.202309141235/tools/bin/../lib/gcc/arm-none-eabi/11.3.1/../../../../arm-none-eabi/lib/thumb/v7e-m+fp/hard\libc_nano.a(libc_a-closer.o) (errno)
D:/Softwares/STM32/STM32CubeIDE_1.13.2/STM32CubeIDE/plugins/com.st.stm32cube.ide.mcu.externaltools.gnu-tools-for-stm32.11.3.rel1.win32_1.1.100.202309141235/tools/bin/../lib/gcc/arm-none-eabi/11.3.1/../../../../arm-none-eabi/lib/thumb/v7e-m+fp/hard\libc_nano.a(libc_a-impure.o)
                              D:/Softwares/STM32/STM32CubeIDE_1.13.2/STM32CubeIDE/plugins/com.st.stm32cube.ide.mcu.externaltools.gnu-tools-for-stm32.11.3.rel1.win32_1.1.100.202309141235/tools/bin/../lib/gcc/arm-none-eabi/11.3.1/../../../../arm-none-eabi/lib/thumb/v7e-m+fp/hard\libc_nano.a(libc_a-reent.o) (_impure_ptr)
[...]
Memory Configuration

Name             Origin             Length             Attributes
CCMRAM           0x0000000010000000 0x0000000000004000 xrw
RAM              0x0000000020000000 0x0000000000010000 xrw
FLASH            0x0000000008000000 0x0000000000080000 xr
*default*        0x0000000000000000 0xffffffffffffffff

Linker script and memory map

LOAD D:/Softwares/STM32/STM32CubeIDE_1.13.2/STM32CubeIDE/plugins/com.st.stm32cube.ide.mcu.externaltools.gnu-tools-for-stm32.11.3.rel1.win32_1.1.100.202309141235/tools/bin/../lib/gcc/arm-none-eabi/11.3.1/thumb/v7e-m+fp/hard/crti.o
LOAD D:/Softwares/STM32/STM32CubeIDE_1.13.2/STM32CubeIDE/plugins/com.st.stm32cube.ide.mcu.externaltools.gnu-tools-for-stm32.11.3.rel1.win32_1.1.100.202309141235/tools/bin/../lib/gcc/arm-none-eabi/11.3.1/thumb/v7e-m+fp/hard/crtbegin.o
LOAD D:/Softwares/STM32/STM32CubeIDE_1.13.2/STM32CubeIDE/plugins/com.st.stm32cube.ide.mcu.externaltools.gnu-tools-for-stm32.11.3.rel1.win32_1.1.100.202309141235/tools/bin/../lib/gcc/arm-none-eabi/11.3.1/../../../../arm-none-eabi/lib/thumb/v7e-m+fp/hard/crt0.o
LOAD ./Core/Src/LCD1602.o
LOAD ./Core/Src/main.o
LOAD ./Core/Src/stm32f3xx_hal_msp.o
LOAD ./Core/Src/stm32f3xx_it.o
LOAD ./Core/Src/syscalls.o
LOAD ./Core/Src/sysmem.o
LOAD ./Core/Src/system_stm32f3xx.o
LOAD ./Core/Startup/startup_stm32f303retx.o
LOAD ./Drivers/STM32F3xx_HAL_Driver/Src/stm32f3xx_hal.o
LOAD ./Drivers/STM32F3xx_HAL_Driver/Src/stm32f3xx_hal_cortex.o
LOAD ./Drivers/STM32F3xx_HAL_Driver/Src/stm32f3xx_hal_dma.o
LOAD ./Drivers/STM32F3xx_HAL_Driver/Src/stm32f3xx_hal_exti.o
LOAD ./Drivers/STM32F3xx_HAL_Driver/Src/stm32f3xx_hal_flash.o
LOAD ./Drivers/STM32F3xx_HAL_Driver/Src/stm32f3xx_hal_flash_ex.o
LOAD ./Drivers/STM32F3xx_HAL_Driver/Src/stm32f3xx_hal_gpio.o
LOAD ./Drivers/STM32F3xx_HAL_Driver/Src/stm32f3xx_hal_i2c.o
LOAD ./Drivers/STM32F3xx_HAL_Driver/Src/stm32f3xx_hal_i2c_ex.o
LOAD ./Drivers/STM32F3xx_HAL_Driver/Src/stm32f3xx_hal_pwr.o
LOAD ./Drivers/STM32F3xx_HAL_Driver/Src/stm32f3xx_hal_pwr_ex.o
LOAD ./Drivers/STM32F3xx_HAL_Driver/Src/stm32f3xx_hal_rcc.o
LOAD ./Drivers/STM32F3xx_HAL_Driver/Src/stm32f3xx_hal_rcc_ex.o
LOAD ./Drivers/STM32F3xx_HAL_Driver/Src/stm32f3xx_hal_tim.o
LOAD ./Drivers/STM32F3xx_HAL_Driver/Src/stm32f3xx_hal_tim_ex.o
START GROUP
LOAD D:/Softwares/STM32/STM32CubeIDE_1.13.2/STM32CubeIDE/plugins/com.st.stm32cube.ide.mcu.externaltools.gnu-tools-for-stm32.11.3.rel1.win32_1.1.100.202309141235/tools/bin/../lib/gcc/arm-none-eabi/11.3.1/../../../../arm-none-eabi/lib/thumb/v7e-m+fp/hard\libc_nano.a
LOAD D:/Softwares/STM32/STM32CubeIDE_1.13.2/STM32CubeIDE/plugins/com.st.stm32cube.ide.mcu.externaltools.gnu-tools-for-stm32.11.3.rel1.win32_1.1.100.202309141235/tools/bin/../lib/gcc/arm-none-eabi/11.3.1/../../../../arm-none-eabi/lib/thumb/v7e-m+fp/hard\libm.a
END GROUP
START GROUP
LOAD D:/Softwares/STM32/STM32CubeIDE_1.13.2/STM32CubeIDE/plugins/com.st.stm32cube.ide.mcu.externaltools.gnu-tools-for-stm32.11.3.rel1.win32_1.1.100.202309141235/tools/bin/../lib/gcc/arm-none-eabi/11.3.1/thumb/v7e-m+fp/hard\libgcc.a
LOAD D:/Softwares/STM32/STM32CubeIDE_1.13.2/STM32CubeIDE/plugins/com.st.stm32cube.ide.mcu.externaltools.gnu-tools-for-stm32.11.3.rel1.win32_1.1.100.202309141235/tools/bin/../lib/gcc/arm-none-eabi/11.3.1/../../../../arm-none-eabi/lib/thumb/v7e-m+fp/hard\libc_nano.a
END GROUP
START GROUP
LOAD D:/Softwares/STM32/STM32CubeIDE_1.13.2/STM32CubeIDE/plugins/com.st.stm32cube.ide.mcu.externaltools.gnu-tools-for-stm32.11.3.rel1.win32_1.1.100.202309141235/tools/bin/../lib/gcc/arm-none-eabi/11.3.1/thumb/v7e-m+fp/hard\libgcc.a
LOAD D:/Softwares/STM32/STM32CubeIDE_1.13.2/STM32CubeIDE/plugins/com.st.stm32cube.ide.mcu.externaltools.gnu-tools-for-stm32.11.3.rel1.win32_1.1.100.202309141235/tools/bin/../lib/gcc/arm-none-eabi/11.3.1/../../../../arm-none-eabi/lib/thumb/v7e-m+fp/hard\libc_nano.a
LOAD D:/Softwares/STM32/STM32CubeIDE_1.13.2/STM32CubeIDE/plugins/com.st.stm32cube.ide.mcu.externaltools.gnu-tools-for-stm32.11.3.rel1.win32_1.1.100.202309141235/tools/bin/../lib/gcc/arm-none-eabi/11.3.1/../../../../arm-none-eabi/lib/thumb/v7e-m+fp/hard\libnosys.a
END GROUP
START GROUP
LOAD D:/Softwares/STM32/STM32CubeIDE_1.13.2/STM32CubeIDE/plugins/com.st.stm32cube.ide.mcu.externaltools.gnu-tools-for-stm32.11.3.rel1.win32_1.1.100.202309141235/tools/bin/../lib/gcc/arm-none-eabi/11.3.1/thumb/v7e-m+fp/hard\libgcc.a
LOAD D:/Softwares/STM32/STM32CubeIDE_1.13.2/STM32CubeIDE/plugins/com.st.stm32cube.ide.mcu.externaltools.gnu-tools-for-stm32.11.3.rel1.win32_1.1.100.202309141235/tools/bin/../lib/gcc/arm-none-eabi/11.3.1/../../../../arm-none-eabi/lib/thumb/v7e-m+fp/hard\libc_nano.a
LOAD D:/Softwares/STM32/STM32CubeIDE_1.13.2/STM32CubeIDE/plugins/com.st.stm32cube.ide.mcu.externaltools.gnu-tools-for-stm32.11.3.rel1.win32_1.1.100.202309141235/tools/bin/../lib/gcc/arm-none-eabi/11.3.1/../../../../arm-none-eabi/lib/thumb/v7e-m+fp/hard\libnosys.a
END GROUP
LOAD D:/Softwares/STM32/STM32CubeIDE_1.13.2/STM32CubeIDE/plugins/com.st.stm32cube.ide.mcu.externaltools.gnu-tools-for-stm32.11.3.rel1.win32_1.1.100.202309141235/tools/bin/../lib/gcc/arm-none-eabi/11.3.1/thumb/v7e-m+fp/hard/crtend.o
LOAD D:/Softwares/STM32/STM32CubeIDE_1.13.2/STM32CubeIDE/plugins/com.st.stm32cube.ide.mcu.externaltools.gnu-tools-for-stm32.11.3.rel1.win32_1.1.100.202309141235/tools/bin/../lib/gcc/arm-none-eabi/11.3.1/thumb/v7e-m+fp/hard/crtn.o
                0x0000000020010000                _estack = (ORIGIN (RAM) + LENGTH (RAM))
                0x0000000000000200                _Min_Heap_Size = 0x200
                0x0000000000000400                _Min_Stack_Size = 0x400

.isr_vector     0x0000000008000000      0x194
                0x0000000008000000                . = ALIGN (0x4)
 *(.isr_vector)
 .isr_vector    0x0000000008000000      0x194 ./Core/Startup/startup_stm32f303retx.o
                0x0000000008000000                g_pfnVectors
                0x0000000008000194                . = ALIGN (0x4)

.text           0x0000000008000194     0x350c
                0x0000000008000194                . = ALIGN (0x4)
 *(.text)
 .text          0x0000000008000194       0x40 D:/Softwares/STM32/STM32CubeIDE_1.13.2/STM32CubeIDE/plugins/com.st.stm32cube.ide.mcu.externaltools.gnu-tools-for-stm32.11.3.rel1.win32_1.1.100.202309141235/tools/bin/../lib/gcc/arm-none-eabi/11.3.1/thumb/v7e-m+fp/hard/crtbegin.o
 .text          0x00000000080001d4       0x14 D:/Softwares/STM32/STM32CubeIDE_1.13.2/STM32CubeIDE/plugins/com.st.stm32cube.ide.mcu.externaltools.gnu-tools-for-stm32.11.3.rel1.win32_1.1.100.202309141235/tools/bin/../lib/gcc/arm-none-eabi/11.3.1/../../../../arm-none-eabi/lib/thumb/v7e-m+fp/hard\libc_nano.a(libc_a-strcmp.o)
                0x00000000080001d4                strcmp
 *(.text*)
 .text.delay    0x00000000080001e8       0x34 ./Core/Src/LCD1602.o
                0x00000000080001e8                delay
 .text.send_to_lcd
                0x000000000800021c       0xa8 ./Core/Src/LCD1602.o
                0x000000000800021c                send_to_lcd
 .text.lcd_send_cmd
                0x00000000080002c4       0x34 ./Core/Src/LCD1602.o
                0x00000000080002c4                lcd_send_cmd
 .text.lcd_send_data
                0x00000000080002f8       0x34 ./Core/Src/LCD1602.o
                0x00000000080002f8                lcd_send_data
 .text.lcd_put_cur
                0x000000000800032c       0x3e ./Core/Src/LCD1602.o
                0x000000000800032c                lcd_put_cur
 .text.lcd_init
                0x000000000800036a       0x7a ./Core/Src/LCD1602.o
                0x000000000800036a                lcd_init
 .text.lcd_send_string
                0x00000000080003e4       0x2a ./Core/Src/LCD1602.o
                0x00000000080003e4                lcd_send_string
 *fill*         0x000000000800040e        0x2 
 .text.decodeMorse
                0x0000000008000410      0x32c ./Core/Src/main.o
                0x0000000008000410                decodeMorse
 .text.intToCharArray
                0x000000000800073c       0x9c ./Core/Src/main.o
                0x000000000800073c                intToCharArray
 .text.main     0x00000000080007d8      0x178 ./Core/Src/main.o
                0x00000000080007d8                main
 .text.SystemClock_Config
                0x0000000008000950       0xbe ./Core/Src/main.o
                0x0000000008000950                SystemClock_Config
 *fill*         0x0000000008000a0e        0x2 
 .text.MX_TIM1_Init
                0x0000000008000a10       0xa8 ./Core/Src/main.o
 .text.MX_GPIO_Init
                0x0000000008000ab8      0x124 ./Core/Src/main.o
 .text.Error_Handler
                0x0000000008000bdc        0xa ./Core/Src/main.o
                0x0000000008000bdc                Error_Handler
 *fill*         0x0000000008000be6        0x2 
 .text.HAL_MspInit
                0x0000000008000be8       0x48 ./Core/Src/stm32f3xx_hal_msp.o
                0x0000000008000be8                HAL_MspInit
 .text.HAL_TIM_Base_MspInit
                0x0000000008000c30       0x4c ./Core/Src/stm32f3xx_hal_msp.o
                0x0000000008000c30                HAL_TIM_Base_MspInit
 .text.NMI_Handler
                0x0000000008000c7c        0x6 ./Core/Src/stm32f3xx_it.o
                0x0000000008000c7c                NMI_Handler
 .text.HardFault_Handler
                0x0000000008000c82        0x6 ./Core/Src/stm32f3xx_it.o
                0x0000000008000c82                HardFault_Handler
 .text.MemManage_Handler
                0x0000000008000c88        0x6 ./Core/Src/stm32f3xx_it.o
                0x0000000008000c88                MemManage_Handler
 .text.BusFault_Handler
                0x0000000008000c8e        0x6 ./Core/Src/stm32f3xx_it.o
                0x0000000008000c8e                BusFault_Handler
 .text.UsageFault_Handler
                0x0000000008000c94        0x6 ./Core/Src/stm32f3xx_it.o
                0x0000000008000c94                UsageFault_Handler
 .text.SVC_Handler
                0x0000000008000c9a        0xe ./Core/Src/stm32f3xx_it.o
                0x0000000008000c9a                SVC_Handler
 .text.DebugMon_Handler
                0x0000000008000ca8        0xe ./Core/Src/stm32f3xx_it.o
                0x0000000008000ca8                DebugMon_Handler
 .text.PendSV_Handler
                0x0000000008000cb6        0xe ./Core/Src/stm32f3xx_it.o
                0x0000000008000cb6                PendSV_Handler
 .text.SysTick_Handler
                0x0000000008000cc4        0xc ./Core/Src/stm32f3xx_it.o
                0x0000000008000cc4                SysTick_Handler
 .text.TIM1_CC_IRQHandler
                0x0000000008000cd0       0x14 ./Core/Src/stm32f3xx_it.o
                0x0000000008000cd0                TIM1_CC_IRQHandler
 .text.SystemInit
                0x0000000008000ce4       0x24 ./Core/Src/system_stm32f3xx.o
                0x0000000008000ce4                SystemInit
 .text.Reset_Handler
                0x0000000008000d08       0x50 ./Core/Startup/startup_stm32f303retx.o
                0x0000000008000d08                Reset_Handler
 .text.Default_Handler
                0x0000000008000d58        0x2 ./Core/Startup/startup_stm32f303retx.o
                0x0000000008000d58                RTC_Alarm_IRQHandler
                0x0000000008000d58                TIM8_TRG_COM_IRQHandler
                0x0000000008000d58                TIM8_CC_IRQHandler
                0x0000000008000d58                SPI4_IRQHandler
                0x0000000008000d58                USB_HP_IRQHandler
                0x0000000008000d58                PVD_IRQHandler
                0x0000000008000d58                TAMP_STAMP_IRQHandler
                0x0000000008000d58                EXTI3_IRQHandler
                0x0000000008000d58                I2C3_ER_IRQHandler
                0x0000000008000d58                USB_HP_CAN_TX_IRQHandler
                0x0000000008000d58                EXTI0_IRQHandler
                0x0000000008000d58                I2C2_EV_IRQHandler
                0x0000000008000d58                FPU_IRQHandler
                0x0000000008000d58                TIM1_UP_TIM16_IRQHandler
                0x0000000008000d58                ADC1_2_IRQHandler
                0x0000000008000d58                SPI1_IRQHandler
                0x0000000008000d58                CAN_SCE_IRQHandler
                0x0000000008000d58                TIM6_DAC_IRQHandler
                0x0000000008000d58                TIM8_UP_IRQHandler
                0x0000000008000d58                DMA2_Channel2_IRQHandler
                0x0000000008000d58                DMA1_Channel4_IRQHandler
                0x0000000008000d58                TIM20_TRG_COM_IRQHandler
                0x0000000008000d58                USART3_IRQHandler
                0x0000000008000d58                DMA1_Channel7_IRQHandler
                0x0000000008000d58                UART5_IRQHandler
                0x0000000008000d58                ADC3_IRQHandler
                0x0000000008000d58                TIM4_IRQHandler
                0x0000000008000d58                CAN_RX1_IRQHandler
                0x0000000008000d58                DMA2_Channel1_IRQHandler
                0x0000000008000d58                I2C1_EV_IRQHandler
                0x0000000008000d58                DMA1_Channel6_IRQHandler
                0x0000000008000d58                UART4_IRQHandler
                0x0000000008000d58                DMA2_Channel4_IRQHandler
                0x0000000008000d58                TIM3_IRQHandler
                0x0000000008000d58                RCC_IRQHandler
                0x0000000008000d58                TIM20_UP_IRQHandler
                0x0000000008000d58                DMA1_Channel1_IRQHandler
                0x0000000008000d58                Default_Handler
                0x0000000008000d58                USBWakeUp_RMP_IRQHandler
                0x0000000008000d58                EXTI15_10_IRQHandler
                0x0000000008000d58                TIM7_IRQHandler
                0x0000000008000d58                I2C3_EV_IRQHandler
                0x0000000008000d58                EXTI9_5_IRQHandler
                0x0000000008000d58                RTC_WKUP_IRQHandler
                0x0000000008000d58                SPI2_IRQHandler
                0x0000000008000d58                USB_LP_CAN_RX0_IRQHandler
                0x0000000008000d58                DMA2_Channel5_IRQHandler
                0x0000000008000d58                DMA1_Channel5_IRQHandler
                0x0000000008000d58                USB_LP_IRQHandler
                0x0000000008000d58                EXTI4_IRQHandler
                0x0000000008000d58                TIM1_TRG_COM_TIM17_IRQHandler
                0x0000000008000d58                DMA1_Channel3_IRQHandler
                0x0000000008000d58                ADC4_IRQHandler
                0x0000000008000d58                WWDG_IRQHandler
                0x0000000008000d58                TIM2_IRQHandler
                0x0000000008000d58                COMP7_IRQHandler
                0x0000000008000d58                COMP1_2_3_IRQHandler
                0x0000000008000d58                EXTI1_IRQHandler
                0x0000000008000d58                USART2_IRQHandler
                0x0000000008000d58                COMP4_5_6_IRQHandler
                0x0000000008000d58                TIM20_BRK_IRQHandler
                0x0000000008000d58                I2C2_ER_IRQHandler
                0x0000000008000d58                DMA1_Channel2_IRQHandler
                0x0000000008000d58                TIM8_BRK_IRQHandler
                0x0000000008000d58                FLASH_IRQHandler
                0x0000000008000d58                TIM20_CC_IRQHandler
                0x0000000008000d58                USART1_IRQHandler
                0x0000000008000d58                SPI3_IRQHandler
                0x0000000008000d58                I2C1_ER_IRQHandler
                0x0000000008000d58                FMC_IRQHandler
                0x0000000008000d58                USBWakeUp_IRQHandler
                0x0000000008000d58                DMA2_Channel3_IRQHandler
                0x0000000008000d58                EXTI2_TSC_IRQHandler
                0x0000000008000d58                TIM1_BRK_TIM15_IRQHandler
 *fill*         0x0000000008000d5a        0x2 
 .text.HAL_Init
                0x0000000008000d5c       0x2c ./Drivers/STM32F3xx_HAL_Driver/Src/stm32f3xx_hal.o
                0x0000000008000d5c                HAL_Init
 .text.HAL_InitTick
                0x0000000008000d88       0x60 ./Drivers/STM32F3xx_HAL_Driver/Src/stm32f3xx_hal.o
                0x0000000008000d88                HAL_InitTick
 .text.HAL_IncTick
                0x0000000008000de8       0x28 ./Drivers/STM32F3xx_HAL_Driver/Src/stm32f3xx_hal.o
                0x0000000008000de8                HAL_IncTick
 .text.HAL_GetTick
                0x0000000008000e10       0x18 ./Drivers/STM32F3xx_HAL_Driver/Src/stm32f3xx_hal.o
                0x0000000008000e10                HAL_GetTick
 .text.HAL_Delay
                0x0000000008000e28       0x48 ./Drivers/STM32F3xx_HAL_Driver/Src/stm32f3xx_hal.o
                0x0000000008000e28                HAL_Delay
 .text.__NVIC_SetPriorityGrouping
                0x0000000008000e70       0x48 ./Drivers/STM32F3xx_HAL_Driver/Src/stm32f3xx_hal_cortex.o
 .text.__NVIC_GetPriorityGrouping
                0x0000000008000eb8       0x1c ./Drivers/STM32F3xx_HAL_Driver/Src/stm32f3xx_hal_cortex.o
 .text.__NVIC_EnableIRQ
                0x0000000008000ed4       0x3c ./Drivers/STM32F3xx_HAL_Driver/Src/stm32f3xx_hal_cortex.o
 .text.__NVIC_SetPriority
                0x0000000008000f10       0x54 ./Drivers/STM32F3xx_HAL_Driver/Src/stm32f3xx_hal_cortex.o
 .text.NVIC_EncodePriority
                0x0000000008000f64       0x66 ./Drivers/STM32F3xx_HAL_Driver/Src/stm32f3xx_hal_cortex.o
 *fill*         0x0000000008000fca        0x2 
 .text.SysTick_Config
                0x0000000008000fcc       0x44 ./Drivers/STM32F3xx_HAL_Driver/Src/stm32f3xx_hal_cortex.o
 .text.HAL_NVIC_SetPriorityGrouping
                0x0000000008001010       0x16 ./Drivers/STM32F3xx_HAL_Driver/Src/stm32f3xx_hal_cortex.o
                0x0000000008001010                HAL_NVIC_SetPriorityGrouping
 .text.HAL_NVIC_SetPriority
                0x0000000008001026       0x38 ./Drivers/STM32F3xx_HAL_Driver/Src/stm32f3xx_hal_cortex.o
                0x0000000008001026                HAL_NVIC_SetPriority
 .text.HAL_NVIC_EnableIRQ
                0x000000000800105e       0x1c ./Drivers/STM32F3xx_HAL_Driver/Src/stm32f3xx_hal_cortex.o
                0x000000000800105e                HAL_NVIC_EnableIRQ
 .text.HAL_SYSTICK_Config
                0x000000000800107a       0x18 ./Drivers/STM32F3xx_HAL_Driver/Src/stm32f3xx_hal_cortex.o
                0x000000000800107a                HAL_SYSTICK_Config
 *fill*         0x0000000008001092        0x2 
 .text.HAL_GPIO_Init
                0x0000000008001094      0x314 ./Drivers/STM32F3xx_HAL_Driver/Src/stm32f3xx_hal_gpio.o
                0x0000000008001094                HAL_GPIO_Init
 .text.HAL_GPIO_ReadPin
                0x00000000080013a8       0x30 ./Drivers/STM32F3xx_HAL_Driver/Src/stm32f3xx_hal_gpio.o
                0x00000000080013a8                HAL_GPIO_ReadPin
 .text.HAL_GPIO_WritePin
                0x00000000080013d8       0x30 ./Drivers/STM32F3xx_HAL_Driver/Src/stm32f3xx_hal_gpio.o
                0x00000000080013d8                HAL_GPIO_WritePin
 .text.HAL_RCC_OscConfig
                0x0000000008001408     0x10a8 ./Drivers/STM32F3xx_HAL_Driver/Src/stm32f3xx_hal_rcc.o
                0x0000000008001408                HAL_RCC_OscConfig
 .text.HAL_RCC_ClockConfig
                0x00000000080024b0      0x2f8 ./Drivers/STM32F3xx_HAL_Driver/Src/stm32f3xx_hal_rcc.o
                0x00000000080024b0                HAL_RCC_ClockConfig
 .text.HAL_RCC_GetSysClockFreq
                0x00000000080027a8       0xd4 ./Drivers/STM32F3xx_HAL_Driver/Src/stm32f3xx_hal_rcc.o
                0x00000000080027a8                HAL_RCC_GetSysClockFreq
 .text.HAL_RCCEx_PeriphCLKConfig
                0x000000000800287c      0x43c ./Drivers/STM32F3xx_HAL_Driver/Src/stm32f3xx_hal_rcc_ex.o
                0x000000000800287c                HAL_RCCEx_PeriphCLKConfig
 .text.HAL_TIM_Base_Init
                0x0000000008002cb8       0xae ./Drivers/STM32F3xx_HAL_Driver/Src/stm32f3xx_hal_tim.o
                0x0000000008002cb8                HAL_TIM_Base_Init
 *fill*         0x0000000008002d66        0x2 
 .text.HAL_TIM_Base_Start
                0x0000000008002d68       0xd0 ./Drivers/STM32F3xx_HAL_Driver/Src/stm32f3xx_hal_tim.o
                0x0000000008002d68                HAL_TIM_Base_Start
 .text.HAL_TIM_IRQHandler
                0x0000000008002e38      0x23e ./Drivers/STM32F3xx_HAL_Driver/Src/stm32f3xx_hal_tim.o
                0x0000000008002e38                HAL_TIM_IRQHandler
 .text.HAL_TIM_ConfigClockSource
                0x0000000008003076      0x192 ./Drivers/STM32F3xx_HAL_Driver/Src/stm32f3xx_hal_tim.o
                0x0000000008003076                HAL_TIM_ConfigClockSource
 .text.HAL_TIM_PeriodElapsedCallback
                0x0000000008003208       0x14 ./Drivers/STM32F3xx_HAL_Driver/Src/stm32f3xx_hal_tim.o
                0x0000000008003208                HAL_TIM_PeriodElapsedCallback
 .text.HAL_TIM_OC_DelayElapsedCallback
                0x000000000800321c       0x14 ./Drivers/STM32F3xx_HAL_Driver/Src/stm32f3xx_hal_tim.o
                0x000000000800321c                HAL_TIM_OC_DelayElapsedCallback
 .text.HAL_TIM_IC_CaptureCallback
                0x0000000008003230       0x14 ./Drivers/STM32F3xx_HAL_Driver/Src/stm32f3xx_hal_tim.o
                0x0000000008003230                HAL_TIM_IC_CaptureCallback
 .text.HAL_TIM_PWM_PulseFinishedCallback
                0x0000000008003244       0x14 ./Drivers/STM32F3xx_HAL_Driver/Src/stm32f3xx_hal_tim.o
                0x0000000008003244                HAL_TIM_PWM_PulseFinishedCallback
 .text.HAL_TIM_TriggerCallback
                0x0000000008003258       0x14 ./Drivers/STM32F3xx_HAL_Driver/Src/stm32f3xx_hal_tim.o
                0x0000000008003258                HAL_TIM_TriggerCallback
 .text.TIM_Base_SetConfig
                0x000000000800326c      0x13c ./Drivers/STM32F3xx_HAL_Driver/Src/stm32f3xx_hal_tim.o
                0x000000000800326c                TIM_Base_SetConfig
 .text.TIM_TI1_ConfigInputStage
                0x00000000080033a8       0x5e ./Drivers/STM32F3xx_HAL_Driver/Src/stm32f3xx_hal_tim.o
 .text.TIM_TI2_ConfigInputStage
                0x0000000008003406       0x60 ./Drivers/STM32F3xx_HAL_Driver/Src/stm32f3xx_hal_tim.o
 .text.TIM_ITRx_SetConfig
                0x0000000008003466       0x36 ./Drivers/STM32F3xx_HAL_Driver/Src/stm32f3xx_hal_tim.o
 .text.TIM_ETR_SetConfig
                0x000000000800349c       0x40 ./Drivers/STM32F3xx_HAL_Driver/Src/stm32f3xx_hal_tim.o
                0x000000000800349c                TIM_ETR_SetConfig
 .text.HAL_TIMEx_MasterConfigSynchronization
                0x00000000080034dc      0x118 ./Drivers/STM32F3xx_HAL_Driver/Src/stm32f3xx_hal_tim_ex.o
                0x00000000080034dc                HAL_TIMEx_MasterConfigSynchronization
 .text.HAL_TIMEx_CommutCallback
                0x00000000080035f4       0x14 ./Drivers/STM32F3xx_HAL_Driver/Src/stm32f3xx_hal_tim_ex.o
                0x00000000080035f4                HAL_TIMEx_CommutCallback
 .text.HAL_TIMEx_BreakCallback
                0x0000000008003608       0x14 ./Drivers/STM32F3xx_HAL_Driver/Src/stm32f3xx_hal_tim_ex.o
                0x0000000008003608                HAL_TIMEx_BreakCallback
 .text.HAL_TIMEx_Break2Callback
                0x000000000800361c       0x14 ./Drivers/STM32F3xx_HAL_Driver/Src/stm32f3xx_hal_tim_ex.o
                0x000000000800361c                HAL_TIMEx_Break2Callback
 .text.memset   0x0000000008003630       0x10 D:/Softwares/STM32/STM32CubeIDE_1.13.2/STM32CubeIDE/plugins/com.st.stm32cube.ide.mcu.externaltools.gnu-tools-for-stm32.11.3.rel1.win32_1.1.100.202309141235/tools/bin/../lib/gcc/arm-none-eabi/11.3.1/../../../../arm-none-eabi/lib/thumb/v7e-m+fp/hard\libc_nano.a(libc_a-memset.o)
                0x0000000008003630                memset
 .text.__libc_init_array
                0x0000000008003640       0x48 D:/Softwares/STM32/STM32CubeIDE_1.13.2/STM32CubeIDE/plugins/com.st.stm32cube.ide.mcu.externaltools.gnu-tools-for-stm32.11.3.rel1.win32_1.1.100.202309141235/tools/bin/../lib/gcc/arm-none-eabi/11.3.1/../../../../arm-none-eabi/lib/thumb/v7e-m+fp/hard\libc_nano.a(libc_a-init.o)
                0x0000000008003640                __libc_init_array
 *(.glue_7)
 .glue_7        0x0000000008003688        0x0 linker stubs
 *(.glue_7t)
 .glue_7t       0x0000000008003688        0x0 linker stubs
 *(.eh_frame)
 .eh_frame      0x0000000008003688        0x0 D:/Softwares/STM32/STM32CubeIDE_1.13.2/STM32CubeIDE/plugins/com.st.stm32cube.ide.mcu.externaltools.gnu-tools-for-stm32.11.3.rel1.win32_1.1.100.202309141235/tools/bin/../lib/gcc/arm-none-eabi/11.3.1/thumb/v7e-m+fp/hard/crtbegin.o
 *(.init)
 .init          0x0000000008003688        0x4 D:/Softwares/STM32/STM32CubeIDE_1.13.2/STM32CubeIDE/plugins/com.st.stm32cube.ide.mcu.externaltools.gnu-tools-for-stm32.11.3.rel1.win32_1.1.100.202309141235/tools/bin/../lib/gcc/arm-none-eabi/11.3.1/thumb/v7e-m+fp/hard/crti.o
                0x0000000008003688                _init
 .init          0x000000000800368c        0x8 D:/Softwares/STM32/STM32CubeIDE_1.13.2/STM32CubeIDE/plugins/com.st.stm32cube.ide.mcu.externaltools.gnu-tools-for-stm32.11.3.rel1.win32_1.1.100.202309141235/tools/bin/../lib/gcc/arm-none-eabi/11.3.1/thumb/v7e-m+fp/hard/crtn.o
 *(.fini)
 .fini          0x0000000008003694        0x4 D:/Softwares/STM32/STM32CubeIDE_1.13.2/STM32CubeIDE/plugins/com.st.stm32cube.ide.mcu.externaltools.gnu-tools-for-stm32.11.3.rel1.win32_1.1.100.202309141235/tools/bin/../lib/gcc/arm-none-eabi/11.3.1/thumb/v7e-m+fp/hard/crti.o
                0x0000000008003694                _fini
 .fini          0x0000000008003698        0x8 D:/Softwares/STM32/STM32CubeIDE_1.13.2/STM32CubeIDE/plugins/com.st.stm32cube.ide.mcu.externaltools.gnu-tools-for-stm32.11.3.rel1.win32_1.1.100.202309141235/tools/bin/../lib/gcc/arm-none-eabi/11.3.1/thumb/v7e-m+fp/hard/crtn.o
                0x00000000080036a0                . = ALIGN (0x4)
                0x00000000080036a0                _etext = .

.vfp11_veneer   0x00000000080036a0        0x0
 .vfp11_veneer  0x00000000080036a0        0x0 linker stubs

.v4_bx          0x00000000080036a0        0x0
 .v4_bx         0x00000000080036a0        0x0 linker stubs

.iplt           0x00000000080036a0        0x0
 .iplt          0x00000000080036a0        0x0 D:/Softwares/STM32/STM32CubeIDE_1.13.2/STM32CubeIDE/plugins/com.st.stm32cube.ide.mcu.externaltools.gnu-tools-for-stm32.11.3.rel1.win32_1.1.100.202309141235/tools/bin/../lib/gcc/arm-none-eabi/11.3.1/thumb/v7e-m+fp/hard/crtbegin.o

.rodata         0x00000000080036a0      0x120
                0x00000000080036a0                . = ALIGN (0x4)
 *(.rodata)
 .rodata        0x00000000080036a0       0xef ./Core/Src/main.o
 *(.rodata*)
 *fill*         0x000000000800378f        0x1 
 .rodata.AHBPrescTable
                0x0000000008003790       0x10 ./Core/Src/system_stm32f3xx.o
                0x0000000008003790                AHBPrescTable
 .rodata.aPLLMULFactorTable
                0x00000000080037a0       0x10 ./Drivers/STM32F3xx_HAL_Driver/Src/stm32f3xx_hal_rcc.o
 .rodata.aPredivFactorTable
                0x00000000080037b0       0x10 ./Drivers/STM32F3xx_HAL_Driver/Src/stm32f3xx_hal_rcc.o
                0x00000000080037c0                . = ALIGN (0x4)

.rel.dyn        0x00000000080037c0        0x0
 .rel.iplt      0x00000000080037c0        0x0 D:/Softwares/STM32/STM32CubeIDE_1.13.2/STM32CubeIDE/plugins/com.st.stm32cube.ide.mcu.externaltools.gnu-tools-for-stm32.11.3.rel1.win32_1.1.100.202309141235/tools/bin/../lib/gcc/arm-none-eabi/11.3.1/thumb/v7e-m+fp/hard/crtbegin.o

.ARM.extab      0x00000000080037c0        0x0
                0x00000000080037c0                . = ALIGN (0x4)
 *(.ARM.extab* .gnu.linkonce.armextab.*)
                0x00000000080037c0                . = ALIGN (0x4)

.ARM            0x00000000080037c0        0x0
                0x00000000080037c0                . = ALIGN (0x4)
                0x00000000080037c0                __exidx_start = .
 *(.ARM.exidx*)
                0x00000000080037c0                __exidx_end = .
                0x00000000080037c0                . = ALIGN (0x4)

.preinit_array  0x00000000080037c0        0x0
                0x00000000080037c0                . = ALIGN (0x4)
                0x00000000080037c0                PROVIDE (__preinit_array_start = .)
 *(.preinit_array*)
                0x00000000080037c0                PROVIDE (__preinit_array_end = .)
                0x00000000080037c0                . = ALIGN (0x4)

.init_array     0x00000000080037c0        0x4
                0x00000000080037c0                . = ALIGN (0x4)
                0x00000000080037c0                PROVIDE (__init_array_start = .)
 *(SORT_BY_NAME(.init_array.*))
 *(.init_array*)
 .init_array    0x00000000080037c0        0x4 D:/Softwares/STM32/STM32CubeIDE_1.13.2/STM32CubeIDE/plugins/com.st.stm32cube.ide.mcu.externaltools.gnu-tools-for-stm32.11.3.rel1.win32_1.1.100.202309141235/tools/bin/../lib/gcc/arm-none-eabi/11.3.1/thumb/v7e-m+fp/hard/crtbegin.o
                0x00000000080037c4                PROVIDE (__init_array_end = .)
                0x00000000080037c4                . = ALIGN (0x4)

.fini_array     0x00000000080037c4        0x4
                0x00000000080037c4                . = ALIGN (0x4)
                [!provide]                        PROVIDE (__fini_array_start = .)
 *(SORT_BY_NAME(.fini_array.*))
 *(.fini_array*)
 .fini_array    0x00000000080037c4        0x4 D:/Softwares/STM32/STM32CubeIDE_1.13.2/STM32CubeIDE/plugins/com.st.stm32cube.ide.mcu.externaltools.gnu-tools-for-stm32.11.3.rel1.win32_1.1.100.202309141235/tools/bin/../lib/gcc/arm-none-eabi/11.3.1/thumb/v7e-m+fp/hard/crtbegin.o
                [!provide]                        PROVIDE (__fini_array_end = .)
                0x00000000080037c8                . = ALIGN (0x4)
                0x00000000080037c8                _sidata = LOADADDR (.data)

.data           0x0000000020000000        0xc load address 0x00000000080037c8
                0x0000000020000000                . = ALIGN (0x4)
                0x0000000020000000                _sdata = .
 *(.data)
 *(.data*)
 .data.SystemCoreClock
                0x0000000020000000        0x4 ./Core/Src/system_stm32f3xx.o
                0x0000000020000000                SystemCoreClock
 .data.uwTickPrio
                0x0000000020000004        0x4 ./Drivers/STM32F3xx_HAL_Driver/Src/stm32f3xx_hal.o
                0x0000000020000004                uwTickPrio
 .data.uwTickFreq
                0x0000000020000008        0x1 ./Drivers/STM32F3xx_HAL_Driver/Src/stm32f3xx_hal.o
                0x0000000020000008                uwTickFreq
 *(.RamFunc)
 *(.RamFunc*)
                0x000000002000000c                . = ALIGN (0x4)
 *fill*         0x0000000020000009        0x3 
                0x000000002000000c                _edata = .
                0x00000000080037d4                _siccmram = LOADADDR (.ccmram)

.igot.plt       0x000000002000000c        0x0 load address 0x00000000080037d4
 .igot.plt      0x000000002000000c        0x0 D:/Softwares/STM32/STM32CubeIDE_1.13.2/STM32CubeIDE/plugins/com.st.stm32cube.ide.mcu.externaltools.gnu-tools-for-stm32.11.3.rel1.win32_1.1.100.202309141235/tools/bin/../lib/gcc/arm-none-eabi/11.3.1/thumb/v7e-m+fp/hard/crtbegin.o

.ccmram         0x0000000010000000        0x0 load address 0x00000000080037d4
                0x0000000010000000                . = ALIGN (0x4)
                0x0000000010000000                _sccmram = .
 *(.ccmram)
 *(.ccmram*)
                0x0000000010000000                . = ALIGN (0x4)
                0x0000000010000000                _eccmram = .
                0x0000000010000000                . = ALIGN (0x4)

.bss            0x000000002000000c       0x8c
                0x000000002000000c                _sbss = .
                0x000000002000000c                __bss_start__ = _sbss
 *(.bss)
 .bss           0x000000002000000c       0x1c D:/Softwares/STM32/STM32CubeIDE_1.13.2/STM32CubeIDE/plugins/com.st.stm32cube.ide.mcu.externaltools.gnu-tools-for-stm32.11.3.rel1.win32_1.1.100.202309141235/tools/bin/../lib/gcc/arm-none-eabi/11.3.1/thumb/v7e-m+fp/hard/crtbegin.o
 *(.bss*)
 .bss.htim1     0x0000000020000028       0x4c ./Core/Src/main.o
                0x0000000020000028                htim1
 .bss.buttonState
                0x0000000020000074        0x4 ./Core/Src/main.o
                0x0000000020000074                buttonState
 .bss.state     0x0000000020000078        0x1 ./Core/Src/main.o
                0x0000000020000078                state
 *fill*         0x0000000020000079        0x3 
 .bss.i         0x000000002000007c        0x4 ./Core/Src/main.o
                0x000000002000007c                i
 .bss.k         0x0000000020000080        0x4 ./Core/Src/main.o
                0x0000000020000080                k
 .bss.inp       0x0000000020000084        0x6 ./Core/Src/main.o
                0x0000000020000084                inp
 .bss.temp      0x000000002000008a        0x1 ./Core/Src/main.o
                0x000000002000008a                temp
 *fill*         0x000000002000008b        0x1 
 .bss.j         0x000000002000008c        0x4 ./Core/Src/main.o
                0x000000002000008c                j
 .bss.charArray
                0x0000000020000090        0x4 ./Core/Src/main.o
                0x0000000020000090                charArray
 .bss.uwTick    0x0000000020000094        0x4 ./Drivers/STM32F3xx_HAL_Driver/Src/stm32f3xx_hal.o
                0x0000000020000094                uwTick
 *(COMMON)
                0x0000000020000098                . = ALIGN (0x4)
                0x0000000020000098                _ebss = .
                0x0000000020000098                __bss_end__ = _ebss

._user_heap_stack
                0x0000000020000098      0x600
                0x0000000020000098                . = ALIGN (0x8)
                [!provide]                        PROVIDE (end = .)
                0x0000000020000098                PROVIDE (_end = .)
                0x0000000020000298                . = (. + _Min_Heap_Size)
 *fill*         0x0000000020000098      0x200 
                0x0000000020000698                . = (. + _Min_Stack_Size)
 *fill*         0x0000000020000298      0x400 
                0x0000000020000698                . = ALIGN (0x8)

/DISCARD/
 libc.a(*)
 libm.a(*)
 libgcc.a(*)

.ARM.attributes
                0x0000000000000000       0x30
 *(.ARM.attributes)
 .ARM.attributes
                0x0000000000000000       0x1e D:/Softwares/STM32/STM32CubeIDE_1.13.2/STM32CubeIDE/plugins/com.st.stm32cube.ide.mcu.externaltools.gnu-tools-for-stm32.11.3.rel1.win32_1.1.100.202309141235/tools/bin/../lib/gcc/arm-none-eabi/11.3.1/thumb/v7e-m+fp/hard/crti.o
 .ARM.attributes
                0x000000000000001e       0x34 D:/Softwares/STM32/STM32CubeIDE_1.13.2/STM32CubeIDE/plugins/com.st.stm32cube.ide.mcu.externaltools.gnu-tools-for-stm32.11.3.rel1.win32_1.1.100.202309141235/tools/bin/../lib/gcc/arm-none-eabi/11.3.1/thumb/v7e-m+fp/hard/crtbegin.o
 .ARM.attributes
                0x0000000000000052       0x34 ./Core/Src/LCD1602.o
 .ARM.attributes
                0x0000000000000086       0x34 ./Core/Src/main.o
 .ARM.attributes
                0x00000000000000ba       0x34 ./Core/Src/stm32f3xx_hal_msp.o
 .ARM.attributes
                0x00000000000000ee       0x34 ./Core/Src/stm32f3xx_it.o
 .ARM.attributes
                0x0000000000000122       0x34 ./Core/Src/system_stm32f3xx.o
 .ARM.attributes
                0x0000000000000156       0x21 ./Core/Startup/startup_stm32f303retx.o
 .ARM.attributes
                0x0000000000000177       0x34 ./Drivers/STM32F3xx_HAL_Driver/Src/stm32f3xx_hal.o
 .ARM.attributes
                0x00000000000001ab       0x34 ./Drivers/STM32F3xx_HAL_Driver/Src/stm32f3xx_hal_cortex.o
 .ARM.attributes
                0x00000000000001df       0x34 ./Drivers/STM32F3xx_HAL_Driver/Src/stm32f3xx_hal_gpio.o
 .ARM.attributes
                0x0000000000000213       0x34 ./Drivers/STM32F3xx_HAL_Driver/Src/stm32f3xx_hal_rcc.o
 .ARM.attributes
                0x0000000000000247       0x34 ./Drivers/STM32F3xx_HAL_Driver/Src/stm32f3xx_hal_rcc_ex.o
 .ARM.attributes
                0x000000000000027b       0x34 ./Drivers/STM32F3xx_HAL_Driver/Src/stm32f3xx_hal_tim.o
 .ARM.attributes
                0x00000000000002af       0x34 ./Drivers/STM32F3xx_HAL_Driver/Src/stm32f3xx_hal_tim_ex.o
 .ARM.attributes
                0x00000000000002e3       0x34 D:/Softwares/STM32/STM32CubeIDE_1.13.2/STM32CubeIDE/plugins/com.st.stm32cube.ide.mcu.externaltools.gnu-tools-for-stm32.11.3.rel1.win32_1.1.100.202309141235/tools/bin/../lib/gcc/arm-none-eabi/11.3.1/../../../../arm-none-eabi/lib/thumb/v7e-m+fp/hard\libc_nano.a(libc_a-memset.o)
 .ARM.attributes
                0x0000000000000317       0x34 D:/Softwares/STM32/STM32CubeIDE_1.13.2/STM32CubeIDE/plugins/com.st.stm32cube.ide.mcu.externaltools.gnu-tools-for-stm32.11.3.rel1.win32_1.1.100.202309141235/tools/bin/../lib/gcc/arm-none-eabi/11.3.1/../../../../arm-none-eabi/lib/thumb/v7e-m+fp/hard\libc_nano.a(libc_a-init.o)
 .ARM.attributes
                0x000000000000034b       0x1c D:/Softwares/STM32/STM32CubeIDE_1.13.2/STM32CubeIDE/plugins/com.st.stm32cube.ide.mcu.externaltools.gnu-tools-for-stm32.11.3.rel1.win32_1.1.100.202309141235/tools/bin/../lib/gcc/arm-none-eabi/11.3.1/../../../../arm-none-eabi/lib/thumb/v7e-m+fp/hard\libc_nano.a(libc_a-strcmp.o)
 .ARM.attributes
                0x0000000000000367       0x1e D:/Softwares/STM32/STM32CubeIDE_1.13.2/STM32CubeIDE/plugins/com.st.stm32cube.ide.mcu.externaltools.gnu-tools-for-stm32.11.3.rel1.win32_1.1.100.202309141235/tools/bin/../lib/gcc/arm-none-eabi/11.3.1/thumb/v7e-m+fp/hard/crtn.o
OUTPUT(MorseCode.elf elf32-littlearm)
LOAD linker stubs
LOAD D:/Softwares/STM32/STM32CubeIDE_1.13.2/STM32CubeIDE/plugins/com.st.stm32cube.ide.mcu.externaltools.gnu-tools-for-stm32.11.3.rel1.win32_1.1.100.202309141235/tools/bin/../lib/gcc/arm-none-eabi/11.3.1/../../../../arm-none-eabi/lib/thumb/v7e-m+fp/hard\libc.a
LOAD D:/Softwares/STM32/STM32CubeIDE_1.13.2/STM32CubeIDE/plugins/com.st.stm32cube.ide.mcu.externaltools.gnu-tools-for-stm32.11.3.rel1.win32_1.1.100.202309141235/tools/bin/../lib/gcc/arm-none-eabi/11.3.1/../../../../arm-none-eabi/lib/thumb/v7e-m+fp/hard\libm.a
LOAD D:/Softwares/STM32/STM32CubeIDE_1.13.2/STM32CubeIDE/plugins/com.st.stm32cube.ide.mcu.externaltools.gnu-tools-for-stm32.11.3.rel1.win32_1.1.100.202309141235/tools/bin/../lib/gcc/arm-none-eabi/11.3.1/thumb/v7e-m+fp/hard\libgcc.a

.comment        0x0000000000000000       0x43
 .comment       0x0000000000000000       0x43 D:/Softwares/STM32/STM32CubeIDE_1.13.2/STM32CubeIDE/plugins/com.st.stm32cube.ide.mcu.externaltools.gnu-tools-for-stm32.11.3.rel1.win32_1.1.100.202309141235/tools/bin/../lib/gcc/arm-none-eabi/11.3.1/thumb/v7e-m+fp/hard/crtbegin.o
                                         0x44 (size before relaxing)
 .comment       0x0000000000000043       0x44 ./Core/Src/LCD1602.o
 .comment       0x0000000000000043       0x44 ./Core/Src/main.o
 .comment       0x0000000000000043       0x44 ./Core/Src/stm32f3xx_hal_msp.o
 .comment       0x0000000000000043       0x44 ./Core/Src/stm32f3xx_it.o
 .comment       0x0000000000000043       0x44 ./Core/Src/system_stm32f3xx.o
 .comment       0x0000000000000043       0x44 ./Drivers/STM32F3xx_HAL_Driver/Src/stm32f3xx_hal.o
 .comment       0x0000000000000043       0x44 ./Drivers/STM32F3xx_HAL_Driver/Src/stm32f3xx_hal_cortex.o
 .comment       0x0000000000000043       0x44 ./Drivers/STM32F3xx_HAL_Driver/Src/stm32f3xx_hal_gpio.o
 .comment       0x0000000000000043       0x44 ./Drivers/STM32F3xx_HAL_Driver/Src/stm32f3xx_hal_rcc.o
 .comment       0x0000000000000043       0x44 ./Drivers/STM32F3xx_HAL_Driver/Src/stm32f3xx_hal_rcc_ex.o
 .comment       0x0000000000000043       0x44 ./Drivers/STM32F3xx_HAL_Driver/Src/stm32f3xx_hal_tim.o
 .comment       0x0000000000000043       0x44 ./Drivers/STM32F3xx_HAL_Driver/Src/stm32f3xx_hal_tim_ex.o

.debug_info     0x0000000000000000     0xa3ee
 .debug_info    0x0000000000000000      0x879 ./Core/Src/LCD1602.o
 .debug_info    0x0000000000000879      0xff5 ./Core/Src/main.o
 .debug_info    0x000000000000186e      0x9cb ./Core/Src/stm32f3xx_hal_msp.o
 .debug_info    0x0000000000002239      0x6df ./Core/Src/stm32f3xx_it.o
 .debug_info    0x0000000000002918      0x407 ./Core/Src/system_stm32f3xx.o
 .debug_info    0x0000000000002d1f       0x23 ./Core/Startup/startup_stm32f303retx.o
 .debug_info    0x0000000000002d42      0x804 ./Drivers/STM32F3xx_HAL_Driver/Src/stm32f3xx_hal.o
 .debug_info    0x0000000000003546      0xcdf ./Drivers/STM32F3xx_HAL_Driver/Src/stm32f3xx_hal_cortex.o
 .debug_info    0x0000000000004225      0x6a6 ./Drivers/STM32F3xx_HAL_Driver/Src/stm32f3xx_hal_gpio.o
 .debug_info    0x00000000000048cb     0x1501 ./Drivers/STM32F3xx_HAL_Driver/Src/stm32f3xx_hal_rcc.o
 .debug_info    0x0000000000005dcc      0x663 ./Drivers/STM32F3xx_HAL_Driver/Src/stm32f3xx_hal_rcc_ex.o
 .debug_info    0x000000000000642f     0x2a52 ./Drivers/STM32F3xx_HAL_Driver/Src/stm32f3xx_hal_tim.o
 .debug_info    0x0000000000008e81     0x156d ./Drivers/STM32F3xx_HAL_Driver/Src/stm32f3xx_hal_tim_ex.o

.debug_abbrev   0x0000000000000000     0x1a99
 .debug_abbrev  0x0000000000000000      0x1cf ./Core/Src/LCD1602.o
 .debug_abbrev  0x00000000000001cf      0x316 ./Core/Src/main.o
 .debug_abbrev  0x00000000000004e5      0x1ae ./Core/Src/stm32f3xx_hal_msp.o
 .debug_abbrev  0x0000000000000693      0x192 ./Core/Src/stm32f3xx_it.o
 .debug_abbrev  0x0000000000000825      0x11a ./Core/Src/system_stm32f3xx.o
 .debug_abbrev  0x000000000000093f       0x12 ./Core/Startup/startup_stm32f303retx.o
 .debug_abbrev  0x0000000000000951      0x215 ./Drivers/STM32F3xx_HAL_Driver/Src/stm32f3xx_hal.o
 .debug_abbrev  0x0000000000000b66      0x329 ./Drivers/STM32F3xx_HAL_Driver/Src/stm32f3xx_hal_cortex.o
 .debug_abbrev  0x0000000000000e8f      0x1ca ./Drivers/STM32F3xx_HAL_Driver/Src/stm32f3xx_hal_gpio.o
 .debug_abbrev  0x0000000000001059      0x300 ./Drivers/STM32F3xx_HAL_Driver/Src/stm32f3xx_hal_rcc.o
 .debug_abbrev  0x0000000000001359      0x245 ./Drivers/STM32F3xx_HAL_Driver/Src/stm32f3xx_hal_rcc_ex.o
 .debug_abbrev  0x000000000000159e      0x278 ./Drivers/STM32F3xx_HAL_Driver/Src/stm32f3xx_hal_tim.o
 .debug_abbrev  0x0000000000001816      0x283 ./Drivers/STM32F3xx_HAL_Driver/Src/stm32f3xx_hal_tim_ex.o

.debug_aranges  0x0000000000000000      0x9f8
 .debug_aranges
                0x0000000000000000       0x58 ./Core/Src/LCD1602.o
 .debug_aranges
                0x0000000000000058       0x50 ./Core/Src/main.o
 .debug_aranges
                0x00000000000000a8       0x30 ./Core/Src/stm32f3xx_hal_msp.o
 .debug_aranges
                0x00000000000000d8       0x68 ./Core/Src/stm32f3xx_it.o
 .debug_aranges
                0x0000000000000140       0x28 ./Core/Src/system_stm32f3xx.o
 .debug_aranges
                0x0000000000000168       0x28 ./Core/Startup/startup_stm32f303retx.o
 .debug_aranges
                0x0000000000000190       0xe0 ./Drivers/STM32F3xx_HAL_Driver/Src/stm32f3xx_hal.o
 .debug_aranges
                0x0000000000000270      0x118 ./Drivers/STM32F3xx_HAL_Driver/Src/stm32f3xx_hal_cortex.o
 .debug_aranges
                0x0000000000000388       0x58 ./Drivers/STM32F3xx_HAL_Driver/Src/stm32f3xx_hal_gpio.o
 .debug_aranges
                0x00000000000003e0       0x88 ./Drivers/STM32F3xx_HAL_Driver/Src/stm32f3xx_hal_rcc.o
 .debug_aranges
                0x0000000000000468       0x38 ./Drivers/STM32F3xx_HAL_Driver/Src/stm32f3xx_hal_rcc_ex.o
 .debug_aranges
                0x00000000000004a0      0x3e0 ./Drivers/STM32F3xx_HAL_Driver/Src/stm32f3xx_hal_tim.o
 .debug_aranges
                0x0000000000000880      0x178 ./Drivers/STM32F3xx_HAL_Driver/Src/stm32f3xx_hal_tim_ex.o

.debug_rnglists
                0x0000000000000000      0x7ae
 .debug_rnglists
                0x0000000000000000       0x3e ./Core/Src/LCD1602.o
 .debug_rnglists
                0x000000000000003e       0x3d ./Core/Src/main.o
 .debug_rnglists
                0x000000000000007b       0x1f ./Core/Src/stm32f3xx_hal_msp.o
 .debug_rnglists
                0x000000000000009a       0x49 ./Core/Src/stm32f3xx_it.o
 .debug_rnglists
                0x00000000000000e3       0x1a ./Core/Src/system_stm32f3xx.o
 .debug_rnglists
                0x00000000000000fd       0x19 ./Core/Startup/startup_stm32f303retx.o
 .debug_rnglists
                0x0000000000000116       0xa3 ./Drivers/STM32F3xx_HAL_Driver/Src/stm32f3xx_hal.o
 .debug_rnglists
                0x00000000000001b9       0xce ./Drivers/STM32F3xx_HAL_Driver/Src/stm32f3xx_hal_cortex.o
 .debug_rnglists
                0x0000000000000287       0x3f ./Drivers/STM32F3xx_HAL_Driver/Src/stm32f3xx_hal_gpio.o
 .debug_rnglists
                0x00000000000002c6       0x66 ./Drivers/STM32F3xx_HAL_Driver/Src/stm32f3xx_hal_rcc.o
 .debug_rnglists
                0x000000000000032c       0x29 ./Drivers/STM32F3xx_HAL_Driver/Src/stm32f3xx_hal_rcc_ex.o
 .debug_rnglists
                0x0000000000000355      0x328 ./Drivers/STM32F3xx_HAL_Driver/Src/stm32f3xx_hal_tim.o
 .debug_rnglists
                0x000000000000067d      0x131 ./Drivers/STM32F3xx_HAL_Driver/Src/stm32f3xx_hal_tim_ex.o

.debug_macro    0x0000000000000000    0x2000d
 .debug_macro   0x0000000000000000      0x227 ./Core/Src/LCD1602.o
 .debug_macro   0x0000000000000227      0xaa8 ./Core/Src/LCD1602.o
 .debug_macro   0x0000000000000ccf      0x151 ./Core/Src/LCD1602.o
 .debug_macro   0x0000000000000e20       0x2e ./Core/Src/LCD1602.o
 .debug_macro   0x0000000000000e4e       0x28 ./Core/Src/LCD1602.o
 .debug_macro   0x0000000000000e76       0x22 ./Core/Src/LCD1602.o
 .debug_macro   0x0000000000000e98       0x8e ./Core/Src/LCD1602.o
 .debug_macro   0x0000000000000f26       0x51 ./Core/Src/LCD1602.o
 .debug_macro   0x0000000000000f77      0x103 ./Core/Src/LCD1602.o
 .debug_macro   0x000000000000107a       0x6a ./Core/Src/LCD1602.o
 .debug_macro   0x00000000000010e4      0x1df ./Core/Src/LCD1602.o
 .debug_macro   0x00000000000012c3       0x1c ./Core/Src/LCD1602.o
 .debug_macro   0x00000000000012df       0x22 ./Core/Src/LCD1602.o
 .debug_macro   0x0000000000001301       0xd9 ./Core/Src/LCD1602.o
 .debug_macro   0x00000000000013da     0x102d ./Core/Src/LCD1602.o
 .debug_macro   0x0000000000002407      0x11f ./Core/Src/LCD1602.o
 .debug_macro   0x0000000000002526    0x1535a ./Core/Src/LCD1602.o
 .debug_macro   0x0000000000017880       0x6d ./Core/Src/LCD1602.o
 .debug_macro   0x00000000000178ed     0x3558 ./Core/Src/LCD1602.o
 .debug_macro   0x000000000001ae45      0x174 ./Core/Src/LCD1602.o
 .debug_macro   0x000000000001afb9       0x55 ./Core/Src/LCD1602.o
 .debug_macro   0x000000000001b00e      0x953 ./Core/Src/LCD1602.o
 .debug_macro   0x000000000001b961      0x84a ./Core/Src/LCD1602.o
 .debug_macro   0x000000000001c1ab      0x1b5 ./Core/Src/LCD1602.o
 .debug_macro   0x000000000001c360      0x23a ./Core/Src/LCD1602.o
 .debug_macro   0x000000000001c59a      0x1ea ./Core/Src/LCD1602.o
 .debug_macro   0x000000000001c784      0x1bc ./Core/Src/LCD1602.o
 .debug_macro   0x000000000001c940       0x30 ./Core/Src/LCD1602.o
 .debug_macro   0x000000000001c970       0x3c ./Core/Src/LCD1602.o
 .debug_macro   0x000000000001c9ac      0x235 ./Core/Src/LCD1602.o
 .debug_macro   0x000000000001cbe1       0xc5 ./Core/Src/LCD1602.o
 .debug_macro   0x000000000001cca6      0x21d ./Core/Src/LCD1602.o
 .debug_macro   0x000000000001cec3      0x22c ./Core/Src/LCD1602.o
 .debug_macro   0x000000000001d0ef       0x5b ./Core/Src/LCD1602.o
 .debug_macro   0x000000000001d14a       0xa5 ./Core/Src/LCD1602.o
 .debug_macro   0x000000000001d1ef       0x81 ./Core/Src/LCD1602.o
 .debug_macro   0x000000000001d270       0xd3 ./Core/Src/LCD1602.o
 .debug_macro   0x000000000001d343      0xa59 ./Core/Src/LCD1602.o
 .debug_macro   0x000000000001dd9c       0xba ./Core/Src/LCD1602.o
 .debug_macro   0x000000000001de56      0x347 ./Core/Src/LCD1602.o
 .debug_macro   0x000000000001e19d      0x2d9 ./Core/Src/main.o
 .debug_macro   0x000000000001e476       0x61 ./Core/Src/main.o
 .debug_macro   0x000000000001e4d7       0x2a ./Core/Src/main.o
 .debug_macro   0x000000000001e501       0x43 ./Core/Src/main.o
 .debug_macro   0x000000000001e544       0x34 ./Core/Src/main.o
 .debug_macro   0x000000000001e578       0x16 ./Core/Src/main.o
 .debug_macro   0x000000000001e58e       0x43 ./Core/Src/main.o
 .debug_macro   0x000000000001e5d1       0x34 ./Core/Src/main.o
 .debug_macro   0x000000000001e605       0x10 ./Core/Src/main.o
 .debug_macro   0x000000000001e615       0x58 ./Core/Src/main.o
 .debug_macro   0x000000000001e66d       0x8e ./Core/Src/main.o
 .debug_macro   0x000000000001e6fb       0x1c ./Core/Src/main.o
 .debug_macro   0x000000000001e717      0x177 ./Core/Src/main.o
 .debug_macro   0x000000000001e88e      0x369 ./Core/Src/main.o
 .debug_macro   0x000000000001ebf7       0x10 ./Core/Src/main.o
 .debug_macro   0x000000000001ec07       0x35 ./Core/Src/main.o
 .debug_macro   0x000000000001ec3c       0x20 ./Core/Src/main.o
 .debug_macro   0x000000000001ec5c       0x1c ./Core/Src/main.o
 .debug_macro   0x000000000001ec78       0x10 ./Core/Src/main.o
 .debug_macro   0x000000000001ec88       0x1c ./Core/Src/main.o
 .debug_macro   0x000000000001eca4       0x16 ./Core/Src/main.o
 .debug_macro   0x000000000001ecba      0x147 ./Core/Src/main.o
 .debug_macro   0x000000000001ee01      0x1cd ./Core/Src/stm32f3xx_hal_msp.o
 .debug_macro   0x000000000001efce      0x1d7 ./Core/Src/stm32f3xx_it.o
 .debug_macro   0x000000000001f1a5      0x1c3 ./Core/Src/system_stm32f3xx.o
 .debug_macro   0x000000000001f368      0x1e7 ./Drivers/STM32F3xx_HAL_Driver/Src/stm32f3xx_hal.o
 .debug_macro   0x000000000001f54f      0x1c3 ./Drivers/STM32F3xx_HAL_Driver/Src/stm32f3xx_hal_cortex.o
 .debug_macro   0x000000000001f712      0x1ca ./Drivers/STM32F3xx_HAL_Driver/Src/stm32f3xx_hal_gpio.o
 .debug_macro   0x000000000001f8dc      0x1e7 ./Drivers/STM32F3xx_HAL_Driver/Src/stm32f3xx_hal_rcc.o
 .debug_macro   0x000000000001fac3      0x1c3 ./Drivers/STM32F3xx_HAL_Driver/Src/stm32f3xx_hal_rcc_ex.o
 .debug_macro   0x000000000001fc86      0x1c4 ./Drivers/STM32F3xx_HAL_Driver/Src/stm32f3xx_hal_tim.o
 .debug_macro   0x000000000001fe4a      0x1c3 ./Drivers/STM32F3xx_HAL_Driver/Src/stm32f3xx_hal_tim_ex.o

.debug_line     0x0000000000000000     0xd470
 .debug_line    0x0000000000000000      0x919 ./Core/Src/LCD1602.o
 .debug_line    0x0000000000000919      0xd61 ./Core/Src/main.o
 .debug_line    0x000000000000167a      0x83e ./Core/Src/stm32f3xx_hal_msp.o
 .debug_line    0x0000000000001eb8      0x8dd ./Core/Src/stm32f3xx_it.o
 .debug_line    0x0000000000002795      0x87e ./Core/Src/system_stm32f3xx.o
 .debug_line    0x0000000000003013       0x7a ./Core/Startup/startup_stm32f303retx.o
 .debug_line    0x000000000000308d      0xaae ./Drivers/STM32F3xx_HAL_Driver/Src/stm32f3xx_hal.o
 .debug_line    0x0000000000003b3b      0xd73 ./Drivers/STM32F3xx_HAL_Driver/Src/stm32f3xx_hal_cortex.o
 .debug_line    0x00000000000048ae      0xc35 ./Drivers/STM32F3xx_HAL_Driver/Src/stm32f3xx_hal_gpio.o
 .debug_line    0x00000000000054e3     0x14a0 ./Drivers/STM32F3xx_HAL_Driver/Src/stm32f3xx_hal_rcc.o
 .debug_line    0x0000000000006983      0xfc6 ./Drivers/STM32F3xx_HAL_Driver/Src/stm32f3xx_hal_rcc_ex.o
 .debug_line    0x0000000000007949     0x3f45 ./Drivers/STM32F3xx_HAL_Driver/Src/stm32f3xx_hal_tim.o
 .debug_line    0x000000000000b88e     0x1be2 ./Drivers/STM32F3xx_HAL_Driver/Src/stm32f3xx_hal_tim_ex.o

.debug_str      0x0000000000000000    0xc4ba7
 .debug_str     0x0000000000000000    0xbe8fb ./Core/Src/LCD1602.o
                                      0xbf055 (size before relaxing)
 .debug_str     0x00000000000be8fb     0x3d77 ./Core/Src/main.o
                                      0xc2c85 (size before relaxing)
 .debug_str     0x00000000000c2672      0x40f ./Core/Src/stm32f3xx_hal_msp.o
                                      0xbf3c9 (size before relaxing)
 .debug_str     0x00000000000c2a81       0xdc ./Core/Src/stm32f3xx_it.o
                                      0xbef1f (size before relaxing)
 .debug_str     0x00000000000c2b5d       0xf3 ./Core/Src/system_stm32f3xx.o
                                      0xbea78 (size before relaxing)
 .debug_str     0x00000000000c2c50       0x34 ./Core/Startup/startup_stm32f303retx.o
                                         0x59 (size before relaxing)
 .debug_str     0x00000000000c2c84      0x397 ./Drivers/STM32F3xx_HAL_Driver/Src/stm32f3xx_hal.o
                                      0xbf321 (size before relaxing)
 .debug_str     0x00000000000c301b      0x354 ./Drivers/STM32F3xx_HAL_Driver/Src/stm32f3xx_hal_cortex.o
                                      0xbf373 (size before relaxing)
 .debug_str     0x00000000000c336f      0x18e ./Drivers/STM32F3xx_HAL_Driver/Src/stm32f3xx_hal_gpio.o
                                      0xbec5d (size before relaxing)
 .debug_str     0x00000000000c34fd      0x2dd ./Drivers/STM32F3xx_HAL_Driver/Src/stm32f3xx_hal_rcc.o
                                      0xbef1c (size before relaxing)
 .debug_str     0x00000000000c37da       0xbe ./Drivers/STM32F3xx_HAL_Driver/Src/stm32f3xx_hal_rcc_ex.o
                                      0xbed66 (size before relaxing)
 .debug_str     0x00000000000c3898      0xe33 ./Drivers/STM32F3xx_HAL_Driver/Src/stm32f3xx_hal_tim.o
                                      0xbfe9f (size before relaxing)
 .debug_str     0x00000000000c46cb      0x4dc ./Drivers/STM32F3xx_HAL_Driver/Src/stm32f3xx_hal_tim_ex.o
                                      0xbf6f5 (size before relaxing)

.debug_frame    0x0000000000000000     0x290c
 .debug_frame   0x0000000000000000      0x124 ./Core/Src/LCD1602.o
 .debug_frame   0x0000000000000124      0x104 ./Core/Src/main.o
 .debug_frame   0x0000000000000228       0x80 ./Core/Src/stm32f3xx_hal_msp.o
 .debug_frame   0x00000000000002a8      0x120 ./Core/Src/stm32f3xx_it.o
 .debug_frame   0x00000000000003c8       0x58 ./Core/Src/system_stm32f3xx.o
 .debug_frame   0x0000000000000420      0x334 ./Drivers/STM32F3xx_HAL_Driver/Src/stm32f3xx_hal.o
 .debug_frame   0x0000000000000754      0x498 ./Drivers/STM32F3xx_HAL_Driver/Src/stm32f3xx_hal_cortex.o
 .debug_frame   0x0000000000000bec      0x14c ./Drivers/STM32F3xx_HAL_Driver/Src/stm32f3xx_hal_gpio.o
 .debug_frame   0x0000000000000d38      0x214 ./Drivers/STM32F3xx_HAL_Driver/Src/stm32f3xx_hal_rcc.o
 .debug_frame   0x0000000000000f4c       0xb0 ./Drivers/STM32F3xx_HAL_Driver/Src/stm32f3xx_hal_rcc_ex.o
 .debug_frame   0x0000000000000ffc     0x121c ./Drivers/STM32F3xx_HAL_Driver/Src/stm32f3xx_hal_tim.o
 .debug_frame   0x0000000000002218      0x688 ./Drivers/STM32F3xx_HAL_Driver/Src/stm32f3xx_hal_tim_ex.o
 .debug_frame   0x00000000000028a0       0x20 D:/Softwares/STM32/STM32CubeIDE_1.13.2/STM32CubeIDE/plugins/com.st.stm32cube.ide.mcu.externaltools.gnu-tools-for-stm32.11.3.rel1.win32_1.1.100.202309141235/tools/bin/../lib/gcc/arm-none-eabi/11.3.1/../../../../arm-none-eabi/lib/thumb/v7e-m+fp/hard\libc_nano.a(libc_a-memset.o)
 .debug_frame   0x00000000000028c0       0x2c D:/Softwares/STM32/STM32CubeIDE_1.13.2/STM32CubeIDE/plugins/com.st.stm32cube.ide.mcu.externaltools.gnu-tools-for-stm32.11.3.rel1.win32_1.1.100.202309141235/tools/bin/../lib/gcc/arm-none-eabi/11.3.1/../../../../arm-none-eabi/lib/thumb/v7e-m+fp/hard\libc_nano.a(libc_a-init.o)
 .debug_frame   0x00000000000028ec       0x20 D:/Softwares/STM32/STM32CubeIDE_1.13.2/STM32CubeIDE/plugins/com.st.stm32cube.ide.mcu.externaltools.gnu-tools-for-stm32.11.3.rel1.win32_1.1.100.202309141235/tools/bin/../lib/gcc/arm-none-eabi/11.3.1/../../../../arm-none-eabi/lib/thumb/v7e-m+fp/hard\libc_nano.a(libc_a-strcmp.o)

.debug_line_str
                0x0000000000000000       0x4d
 .debug_line_str
                0x0000000000000000       0x4d ./Core/Startup/startup_stm32f303retx.o
                                         0x65 (size before relaxing)
